Option -g : Fichier de graphe invalide ou manquant.
