[4 hit(s) : /notesif]
[3 hit(s) : /SiteWebIF/Intranet-etudiant.php]
[2 hit(s) : /apple-touch-icon-precomposed.png]
[2 hit(s) : /apple-touch-icon.png]
[2 hit(s) : /temps/3IF38.html]
[2 hit(s) : /favicon.ico]
[2 hit(s) : /SiteWebIF/Intranet-personnel.php]
[2 hit(s) : /temps]
[2 hit(s) : /temps/style_emploi_du_temps.css]
[2 hit(s) : /temps/FondInsa.jpg]
