[4 hit(s) : /notesif]
[2 hit(s) : /apple-touch-icon-precomposed.png]
[2 hit(s) : /SiteWebIF/Intranet-personnel.php]
[2 hit(s) : /apple-touch-icon.png]
[1 hit(s) : /temps/5IF52.html]
[1 hit(s) : /temps/index.html]
[1 hit(s) : /stages/ListePFE.php]
[1 hit(s) : /temps/TA.ics]
[1 hit(s) : /temps/5IF40.html]
[1 hit(s) : /SiteWebIF/Intranet-etudiant.php]
