[5 hit(s) : /SiteWebIF/Intranet-etudiant.php]
[4 hit(s) : /notesif]
[1 hit(s) : /SiteWebIF/Intranet-etudiant.php?ticket=ST-181389-s6TdwGSo4BbNSv1cmUfc-dsi-vm03]
[1 hit(s) : /SiteWebIF/Intranet-etudiant.php?ticket=ST-181474-fKiPdmrqsZpOcF3ok9uI-dsi-vm03]
[1 hit(s) : /SiteWebIF/Intranet-etudiant.php?ticket=ST-181478-jTnzwtfX6e1cNxelBPox-dsi-vm03]
