[10 hit(s) : /temps/style_emploi_du_temps.css]
[9 hit(s) : /stages/style_pfe.css]
[6 hit(s) : /stages/FondInsa.jpg]
[5 hit(s) : /SiteWebIF/Intranet-etudiant.php]
[4 hit(s) : /notesif]
[3 hit(s) : /temps/FondInsa.jpg]
[2 hit(s) : /apple-touch-icon-precomposed.png]
[2 hit(s) : /apple-touch-icon.png]
[2 hit(s) : /stages/bandeauFinal.jpg]
[1 hit(s) : /temps/style_pfe.css]
