[1 hit(s) : /temps/4IF16.html]
[1 hit(s) : /temps/4IF17.html]
[1 hit(s) : /temps/4IF18.html]
[1 hit(s) : /temps/4IF19.html]
[1 hit(s) : /temps/4IF20.html]
