[4 hit(s) : /SiteWebIF/Intranet-etudiant.php]
[4 hit(s) : /temps/3IF38.html]
[3 hit(s) : /temps/3IF39.html]
[3 hit(s) : /favicon.ico]
[3 hit(s) : /temps/3IF37.html]
[2 hit(s) : /temps/InsaIF.ico]
[2 hit(s) : /temps/suivant.gif]
[2 hit(s) : /temps/choix.gif]
[2 hit(s) : /temps/precedent.gif]
[2 hit(s) : /temps/FondInsa.jpg]
